<!-- Basic CSS -->
<style>
    a {
        text-decoration: none;
    }
</style>


<!-- Nested SCSS -->
<style>
    a {
        text-decoration: none;
        &:hover {
            text-decoration: underline;
        }
    }
</style>


<!-- Multiline comment -->
<style>
    /*
     * Hi mom!
     *
     */
</style>


<!-- CSS Function -->
<style>
    #gradient {
        background: linear-gradient(
            to top left,
            rgba(204,0,0,1),
            rgba(204,0,0,0)
        );
    }
</style>
