<!-- Greater than character inside tag -->
<div {% if foo > bar %}class="baz"{% endif %}>
    quux
</div>

<!-- Block tags inside multiline HTML tags -->
<div
    {% block class %}
        class="foo"
    {% endblock %}
>
    text
</div>

<!-- Spurious < and > characters -->
<div>
    >
</div>
<div>
    <
</div>
