<!-- Basic Javascript -->
<script>
    function f() {
        return 42;
    }
</script>


<!-- Different brace types -->
<script>
    array = [
        1,
        2,
        3,
    ]

    dictionary = {
        value1: 1,
        value2: 2,
        value3: 3,
    }

    function_call(
        arg1,
        arg2,
        arg3,
    )
</script>


<!-- Function chaining -->
<script>
    one()
        .two()
        .three();
    four();
</script>

<script>
    function f() {
        return 42;
    }
</script>


<!-- Double-nested braces -->
<script>
    $(function() {
        this.addEventListener('change', function () {
            doStuff();
        });
    });
</script>


<!-- Multiline comment -->
<script>
    /*
     * Hi mom!
     *
     */
</script>


<!-- Nasty characters embedded in strings -->
<script>
    console.log("$(function() {");
    console.log('$(function() {');
    console.log(`$(function() {`);
    console.log(`
function f() {
return 42;
}
    `);
</script>


<!-- Real-life example kindly provided by @jacklinke -->
<script>
    const format_duration_value = (a) => {
        let secs = a * 3600;  // get total amount of seconds from your input
        const days = Math.floor(secs / (3600 * 24));
        return (`
            <div class="form-inline text-nowrap text-center">
                ${days.toString().padStart(2,'0')}
                <small>m</small>
            </div>
        `);
    };
</script>


<!-- More Javascript shenanigans -->
<script>
    $(function1()
        {
            var foo = (function2(){
                doStuff();
            })();
        });
    // Jeez
</script>

